src/features/billing/repository.ts(67,16): error TS2339: Property 'id' does not exist on type 'never'.
src/features/billing/repository.ts(110,16): error TS2339: Property 'tenant_id' does not exist on type 'never'.
src/features/billing/repository.ts(132,7): error TS2353: Object literal may only specify known properties, and 'tenant_id' does not exist in type 'never[]'.
src/features/billing/repository.ts(183,7): error TS2353: Object literal may only specify known properties, and 'tenant_id' does not exist in type 'never[]'.
src/features/billing/repository.ts(209,7): error TS2353: Object literal may only specify known properties, and 'tenant_id' does not exist in type 'never[]'.
src/features/billing/repository.ts(285,7): error TS2353: Object literal may only specify known properties, and 'tenant_id' does not exist in type 'never[]'.
src/features/billing/repository.ts(373,13): error TS2345: Argument of type '{ provider_checkout_id: string; updated_at: string; }' is not assignable to parameter of type 'never'.
src/features/billing/repository.ts(402,13): error TS2345: Argument of type '{ status: string; starts_at: string; expires_at: string; provider_checkout_id: string; provider_payment_id: string | null; updated_at: string; }' is not assignable to parameter of type 'never'.
src/features/billing/repository.ts(427,13): error TS2345: Argument of type '{ status: string; updated_at: string; }' is not assignable to parameter of type 'never'.
src/features/billing/repository.ts(459,27): error TS2339: Property 'allow_pdf' does not exist on type 'never'.
src/features/billing/repository.ts(459,58): error TS2339: Property 'allow_checkout' does not exist on type 'never'.
src/features/billing/repository.ts(459,96): error TS2339: Property 'allow_conversion' does not exist on type 'never'.
src/features/billing/repository.ts(481,16): error TS2339: Property 'status' does not exist on type 'never'.
src/features/billing/repository.ts(498,5): error TS2353: Object literal may only specify known properties, and 'provider' does not exist in type 'never[]'.
src/features/billing/repository.ts(513,13): error TS2345: Argument of type '{ status: string; processed_at: string; }' is not assignable to parameter of type 'never'.
src/features/billing/repository.ts(529,13): error TS2345: Argument of type '{ status: string; error_code: string; }' is not assignable to parameter of type 'never'.
src/features/billing/service.ts(548,5): error TS2322: Type 'Status' is not assignable to type 'SubscriptionStatus'.
  Type 'OtherString' is not assignable to type 'SubscriptionStatus'.
src/features/billing/service.ts(593,7): error TS2322: Type 'Status' is not assignable to type 'InvoiceStatus'.
  Type 'OtherString' is not assignable to type 'InvoiceStatus'.
